
"""
BEFORE RUNNING:
---------------
1. If not already done, enable the Translate API
   and check the quota for your project at
   https://console.developers.google.com/apis/api/translate
2. Install the Python client library for Google APIs by running
   `pip install --upgrade google-api-python-client`
"""
from pprint import pprint

from googleapiclient import discovery

developer_key = ''  # TODO: Update placeholder with desired API key.

service = discovery.build('translate', 'v2', developerKey=developer_key)

item = ''  # TODO: Update placeholder value.

# The text to detect
q = []  # TODO: Update placeholder value.
q.append(item)

request = service.detections().list(q=q)
response = request.execute()

# TODO: Change code below to process the `response` dict:
pprint(response)
"""
BEFORE RUNNING:
---------------
1. If not already done, enable the Translate API
   and check the quota for your project at
   https://console.developers.google.com/apis/api/translate
2. Install the Python client library for Google APIs by running
   `pip install --upgrade google-api-python-client`
"""
from pprint import pprint

from googleapiclient import discovery

developer_key = ''  # TODO: Update placeholder with desired API key.

service = discovery.build('translate', 'v2', developerKey=developer_key)

request = service.languages().list()
response = request.execute()

# TODO: Change code below to process the `response` dict:
pprint(response)
"""
BEFORE RUNNING:
---------------
1. If not already done, enable the Translate API
   and check the quota for your project at
   https://console.developers.google.com/apis/api/translate
2. Install the Python client library for Google APIs by running
   `pip install --upgrade google-api-python-client`
"""
from pprint import pprint

from googleapiclient import discovery

developer_key = ''  # TODO: Update placeholder with desired API key.

service = discovery.build('translate', 'v2', developerKey=developer_key)

item = ''  # TODO: Update placeholder value.

# The text to translate
q = []  # TODO: Update placeholder value.
q.append(item)

# The target language into which the text should be translated
target = ''  # TODO: Update placeholder value.

request = service.translations().list(q=q, target=target)
response = request.execute()

# TODO: Change code below to process the `response` dict:
pprint(response)
